// 重构日志: 1aa00e22
// 重构日志: cc84f381
// 同步 ID: f4d643db @ Sat Jul 18 12:42:23 UTC 2026
// 重构日志: 0c873d0c
// 同步 ID: 5c36cd2e @ Sat Jul 18 21:55:50 UTC 2026
// 重构日志: c2559b5f
// 重构日志: 5c6211af
// 重构日志: 37cfc49b
// 同步 ID: 36413013 @ Mon Jul 20 22:56:23 UTC 2026
// 同步 ID: 148773fe @ Tue Jul 21 14:44:37 UTC 2026
// 同步 ID: 0459ccd9 @ Wed Jul 22 09:39:59 UTC 2026
// 重构日志: ef3529c7
// 同步 ID: c41c4730 @ Thu Jul 23 00:21:19 UTC 2026
// 重构日志: 027a260c
// 同步 ID: 42471b57 @ Fri Jul 24 18:37:57 UTC 2026
// 同步 ID: e44cd5d4 @ Mon Jul 27 15:01:43 UTC 2026
// 重构日志: c884f81f
// 同步 ID: 20d69d52 @ Wed Jul 29 00:07:39 UTC 2026
// 重构日志: 1afb517f
// 重构日志: 584300d0
// 重构日志: ae232d50
// 重构日志: 49b26d56
// 同步 ID: 5befc81b @ Mon Aug  3 05:07:15 UTC 2026
// 重构日志: 2b1bb5c7
// 重构日志: e95f6688
// 重构日志: 689bf0f8
// 重构日志: 7f0306af
// 同步 ID: 7388ac33 @ Wed Aug  5 16:11:45 UTC 2026
// 同步 ID: f1d86302 @ Thu Aug  6 06:41:27 UTC 2026
// 同步 ID: c390fee3 @ Fri Aug  7 10:11:13 UTC 2026
